../Core/Src/main.c:80:5:main	8	static
../Core/Src/main.c:137:6:SystemClock_Config	88	static
../Core/Src/main.c:184:13:MX_USART2_UART_Init	8	static
../Core/Src/main.c:215:13:MX_DMA_Init	16	static
../Core/Src/main.c:233:13:MX_GPIO_Init	48	static
../Core/Src/main.c:266:6:BlinkLED	8	static
../Core/Src/main.c:275:6:FNState	16	static
../Core/Src/main.c:343:6:UARTConfig	8	static
../Core/Src/main.c:348:6:HAL_UART_RxCpltCallback	16	static
../Core/Src/main.c:355:6:HAL_GPIO_EXTI_Callback	16	static
../Core/Src/main.c:379:6:Error_Handler	4	static,ignoring_inline_asm
