../Core/Src/main.c:81:5:main	8	static
../Core/Src/main.c:138:6:SystemClock_Config	88	static
../Core/Src/main.c:185:13:MX_USART2_UART_Init	8	static
../Core/Src/main.c:216:13:MX_DMA_Init	16	static
../Core/Src/main.c:237:13:MX_GPIO_Init	48	static
../Core/Src/main.c:270:6:BlinkLED	8	static
../Core/Src/main.c:279:6:FNState	16	static
../Core/Src/main.c:347:6:UARTDMAConfig	8	static
../Core/Src/main.c:352:6:HAL_UART_RxCpltCallback	16	static
../Core/Src/main.c:360:6:HAL_GPIO_EXTI_Callback	16	static
../Core/Src/main.c:384:6:Error_Handler	4	static,ignoring_inline_asm
